Archive member included because of file (symbol)

/local/sdk_elec/arm-linux-gnueabi-4.5.1/bin/../lib/gcc/arm-none-linux-gnueabi/4.5.1/libgcc.a(_arm_addsubdf3.o)
                              src/driver.o (__aeabi_i2d)
/local/sdk_elec/arm-linux-gnueabi-4.5.1/bin/../lib/gcc/arm-none-linux-gnueabi/4.5.1/libgcc.a(_arm_muldivdf3.o)
                              src/driver.o (__aeabi_dmul)
/local/sdk_elec/arm-linux-gnueabi-4.5.1/bin/../lib/gcc/arm-none-linux-gnueabi/4.5.1/libgcc.a(_arm_fixdfsi.o)
                              src/driver.o (__aeabi_d2iz)
/local/sdk_elec/arm-linux-gnueabi-4.5.1/bin/../arm-none-linux-gnueabi/libc/usr/lib/libc_nonshared.a(elf-init.oS)
                              /local/sdk_elec/arm-linux-gnueabi-4.5.1/bin/../arm-none-linux-gnueabi/libc/usr/lib/crt1.o (__libc_csu_init)

Allocating common symbols
Common symbol       size              file

oldattr             0x3c              src/driver.o

Discarded input sections

 .rodata.cst4   0x00000000        0x4 /local/sdk_elec/arm-linux-gnueabi-4.5.1/bin/../arm-none-linux-gnueabi/libc/usr/lib/crt1.o
 .ARM.extab     0x00000000        0x0 /local/sdk_elec/arm-linux-gnueabi-4.5.1/bin/../arm-none-linux-gnueabi/libc/usr/lib/crt1.o
 .data          0x00000000        0x4 /local/sdk_elec/arm-linux-gnueabi-4.5.1/bin/../arm-none-linux-gnueabi/libc/usr/lib/crt1.o
 .bss           0x00000000        0x0 /local/sdk_elec/arm-linux-gnueabi-4.5.1/bin/../arm-none-linux-gnueabi/libc/usr/lib/crt1.o
 .note.GNU-stack
                0x00000000        0x0 /local/sdk_elec/arm-linux-gnueabi-4.5.1/bin/../arm-none-linux-gnueabi/libc/usr/lib/crt1.o
 .data          0x00000000        0x0 /local/sdk_elec/arm-linux-gnueabi-4.5.1/bin/../arm-none-linux-gnueabi/libc/usr/lib/crti.o
 .bss           0x00000000        0x0 /local/sdk_elec/arm-linux-gnueabi-4.5.1/bin/../arm-none-linux-gnueabi/libc/usr/lib/crti.o
 .note.GNU-stack
                0x00000000        0x0 /local/sdk_elec/arm-linux-gnueabi-4.5.1/bin/../arm-none-linux-gnueabi/libc/usr/lib/crti.o
 .data          0x00000000        0x4 /local/sdk_elec/arm-linux-gnueabi-4.5.1/bin/../lib/gcc/arm-none-linux-gnueabi/4.5.1/crtbegin.o
 .note.GNU-stack
                0x00000000        0x0 /local/sdk_elec/arm-linux-gnueabi-4.5.1/bin/../lib/gcc/arm-none-linux-gnueabi/4.5.1/crtbegin.o
 .data          0x00000000        0x0 src/driver.o
 .note.GNU-stack
                0x00000000        0x0 src/driver.o
 .data          0x00000000        0x0 src/socket.o
 .bss           0x00000000        0x0 src/socket.o
 .ARM.extab     0x00000000        0x0 src/socket.o
 .note.GNU-stack
                0x00000000        0x0 src/socket.o
 .data          0x00000000        0x0 main.o
 .bss           0x00000000        0x0 main.o
 .ARM.extab     0x00000000        0x0 main.o
 .note.GNU-stack
                0x00000000        0x0 main.o
 .data          0x00000000        0x0 /local/sdk_elec/arm-linux-gnueabi-4.5.1/bin/../lib/gcc/arm-none-linux-gnueabi/4.5.1/libgcc.a(_arm_addsubdf3.o)
 .bss           0x00000000        0x0 /local/sdk_elec/arm-linux-gnueabi-4.5.1/bin/../lib/gcc/arm-none-linux-gnueabi/4.5.1/libgcc.a(_arm_addsubdf3.o)
 .note.GNU-stack
                0x00000000        0x0 /local/sdk_elec/arm-linux-gnueabi-4.5.1/bin/../lib/gcc/arm-none-linux-gnueabi/4.5.1/libgcc.a(_arm_addsubdf3.o)
 .data          0x00000000        0x0 /local/sdk_elec/arm-linux-gnueabi-4.5.1/bin/../lib/gcc/arm-none-linux-gnueabi/4.5.1/libgcc.a(_arm_muldivdf3.o)
 .bss           0x00000000        0x0 /local/sdk_elec/arm-linux-gnueabi-4.5.1/bin/../lib/gcc/arm-none-linux-gnueabi/4.5.1/libgcc.a(_arm_muldivdf3.o)
 .note.GNU-stack
                0x00000000        0x0 /local/sdk_elec/arm-linux-gnueabi-4.5.1/bin/../lib/gcc/arm-none-linux-gnueabi/4.5.1/libgcc.a(_arm_muldivdf3.o)
 .data          0x00000000        0x0 /local/sdk_elec/arm-linux-gnueabi-4.5.1/bin/../lib/gcc/arm-none-linux-gnueabi/4.5.1/libgcc.a(_arm_fixdfsi.o)
 .bss           0x00000000        0x0 /local/sdk_elec/arm-linux-gnueabi-4.5.1/bin/../lib/gcc/arm-none-linux-gnueabi/4.5.1/libgcc.a(_arm_fixdfsi.o)
 .note.GNU-stack
                0x00000000        0x0 /local/sdk_elec/arm-linux-gnueabi-4.5.1/bin/../lib/gcc/arm-none-linux-gnueabi/4.5.1/libgcc.a(_arm_fixdfsi.o)
 .data          0x00000000        0x0 /local/sdk_elec/arm-linux-gnueabi-4.5.1/bin/../arm-none-linux-gnueabi/libc/usr/lib/libc_nonshared.a(elf-init.oS)
 .bss           0x00000000        0x0 /local/sdk_elec/arm-linux-gnueabi-4.5.1/bin/../arm-none-linux-gnueabi/libc/usr/lib/libc_nonshared.a(elf-init.oS)
 .ARM.extab     0x00000000        0x0 /local/sdk_elec/arm-linux-gnueabi-4.5.1/bin/../arm-none-linux-gnueabi/libc/usr/lib/libc_nonshared.a(elf-init.oS)
 .note.GNU-stack
                0x00000000        0x0 /local/sdk_elec/arm-linux-gnueabi-4.5.1/bin/../arm-none-linux-gnueabi/libc/usr/lib/libc_nonshared.a(elf-init.oS)
 .text          0x00000000        0x0 /local/sdk_elec/arm-linux-gnueabi-4.5.1/bin/../lib/gcc/arm-none-linux-gnueabi/4.5.1/crtend.o
 .data          0x00000000        0x0 /local/sdk_elec/arm-linux-gnueabi-4.5.1/bin/../lib/gcc/arm-none-linux-gnueabi/4.5.1/crtend.o
 .bss           0x00000000        0x0 /local/sdk_elec/arm-linux-gnueabi-4.5.1/bin/../lib/gcc/arm-none-linux-gnueabi/4.5.1/crtend.o
 .note.GNU-stack
                0x00000000        0x0 /local/sdk_elec/arm-linux-gnueabi-4.5.1/bin/../lib/gcc/arm-none-linux-gnueabi/4.5.1/crtend.o
 .text          0x00000000        0x0 /local/sdk_elec/arm-linux-gnueabi-4.5.1/bin/../arm-none-linux-gnueabi/libc/usr/lib/crtn.o
 .data          0x00000000        0x0 /local/sdk_elec/arm-linux-gnueabi-4.5.1/bin/../arm-none-linux-gnueabi/libc/usr/lib/crtn.o
 .bss           0x00000000        0x0 /local/sdk_elec/arm-linux-gnueabi-4.5.1/bin/../arm-none-linux-gnueabi/libc/usr/lib/crtn.o
 .note.GNU-stack
                0x00000000        0x0 /local/sdk_elec/arm-linux-gnueabi-4.5.1/bin/../arm-none-linux-gnueabi/libc/usr/lib/crtn.o

Memory Configuration

Name             Origin             Length             Attributes
*default*        0x00000000         0xffffffff

Linker script and memory map

LOAD /local/sdk_elec/arm-linux-gnueabi-4.5.1/bin/../arm-none-linux-gnueabi/libc/usr/lib/crt1.o
LOAD /local/sdk_elec/arm-linux-gnueabi-4.5.1/bin/../arm-none-linux-gnueabi/libc/usr/lib/crti.o
LOAD /local/sdk_elec/arm-linux-gnueabi-4.5.1/bin/../lib/gcc/arm-none-linux-gnueabi/4.5.1/crtbegin.o
LOAD src/driver.o
LOAD src/socket.o
LOAD main.o
LOAD /local/sdk_elec/arm-linux-gnueabi-4.5.1/bin/../arm-none-linux-gnueabi/libc/usr/lib/libm.so
LOAD /local/sdk_elec/arm-linux-gnueabi-4.5.1/bin/../lib/gcc/arm-none-linux-gnueabi/4.5.1/libgcc.a
LOAD /local/travail/CACERES/tp2.src/rootfs/lib/libgcc_s.so
START GROUP
LOAD /local/travail/CACERES/tp2.src/rootfs/lib/libgcc_s.so.1
LOAD /local/sdk_elec/arm-linux-gnueabi-4.5.1/bin/../lib/gcc/arm-none-linux-gnueabi/4.5.1/libgcc.a
END GROUP
LOAD /local/sdk_elec/arm-linux-gnueabi-4.5.1/bin/../arm-none-linux-gnueabi/libc/usr/lib/libc.so
START GROUP
LOAD /local/sdk_elec/arm-linux-gnueabi-4.5.1/bin/../arm-none-linux-gnueabi/libc/lib/libc.so.6
LOAD /local/sdk_elec/arm-linux-gnueabi-4.5.1/bin/../arm-none-linux-gnueabi/libc/usr/lib/libc_nonshared.a
LOAD /local/sdk_elec/arm-linux-gnueabi-4.5.1/bin/../arm-none-linux-gnueabi/libc/lib/ld-linux.so.3
END GROUP
LOAD /local/sdk_elec/arm-linux-gnueabi-4.5.1/bin/../lib/gcc/arm-none-linux-gnueabi/4.5.1/libgcc.a
LOAD /local/travail/CACERES/tp2.src/rootfs/lib/libgcc_s.so
START GROUP
LOAD /local/travail/CACERES/tp2.src/rootfs/lib/libgcc_s.so.1
LOAD /local/sdk_elec/arm-linux-gnueabi-4.5.1/bin/../lib/gcc/arm-none-linux-gnueabi/4.5.1/libgcc.a
END GROUP
LOAD /local/sdk_elec/arm-linux-gnueabi-4.5.1/bin/../lib/gcc/arm-none-linux-gnueabi/4.5.1/crtend.o
LOAD /local/sdk_elec/arm-linux-gnueabi-4.5.1/bin/../arm-none-linux-gnueabi/libc/usr/lib/crtn.o
                0x00008000                PROVIDE (__executable_start, 0x8000)
                0x00008134                . = (0x8000 + SIZEOF_HEADERS)

.interp         0x00008134       0x13
 *(.interp)
 .interp        0x00008134       0x13 /local/sdk_elec/arm-linux-gnueabi-4.5.1/bin/../arm-none-linux-gnueabi/libc/usr/lib/crti.o

.note.ABI-tag   0x00008148       0x20
 .note.ABI-tag  0x00008148       0x20 /local/sdk_elec/arm-linux-gnueabi-4.5.1/bin/../arm-none-linux-gnueabi/libc/usr/lib/crt1.o

.note.gnu.build-id
 *(.note.gnu.build-id)

.hash           0x00008168      0x14c
 *(.hash)
 .hash          0x00008168      0x14c /local/sdk_elec/arm-linux-gnueabi-4.5.1/bin/../arm-none-linux-gnueabi/libc/usr/lib/crti.o

.gnu.hash
 *(.gnu.hash)

.dynsym         0x000082b4      0x2c0
 *(.dynsym)
 .dynsym        0x000082b4      0x2c0 /local/sdk_elec/arm-linux-gnueabi-4.5.1/bin/../arm-none-linux-gnueabi/libc/usr/lib/crti.o

.dynstr         0x00008574      0x1a2
 *(.dynstr)
 .dynstr        0x00008574      0x1a2 /local/sdk_elec/arm-linux-gnueabi-4.5.1/bin/../arm-none-linux-gnueabi/libc/usr/lib/crti.o

.gnu.version    0x00008716       0x58
 *(.gnu.version)
 .gnu.version   0x00008716       0x58 /local/sdk_elec/arm-linux-gnueabi-4.5.1/bin/../arm-none-linux-gnueabi/libc/usr/lib/crti.o

.gnu.version_d  0x00008770        0x0 load address 0x0000876e
 *(.gnu.version_d)
 .gnu.version_d
                0x00000000        0x0 /local/sdk_elec/arm-linux-gnueabi-4.5.1/bin/../arm-none-linux-gnueabi/libc/usr/lib/crti.o

.gnu.version_r  0x00008770       0x60
 *(.gnu.version_r)
 .gnu.version_r
                0x00008770       0x60 /local/sdk_elec/arm-linux-gnueabi-4.5.1/bin/../arm-none-linux-gnueabi/libc/usr/lib/crti.o

.rel.dyn        0x000087d0       0x18
 *(.rel.init)
 *(.rel.text .rel.text.* .rel.gnu.linkonce.t.*)
 *(.rel.fini)
 *(.rel.rodata .rel.rodata.* .rel.gnu.linkonce.r.*)
 *(.rel.data.rel.ro* .rel.gnu.linkonce.d.rel.ro.*)
 *(.rel.data .rel.data.* .rel.gnu.linkonce.d.*)
 *(.rel.tdata .rel.tdata.* .rel.gnu.linkonce.td.*)
 *(.rel.tbss .rel.tbss.* .rel.gnu.linkonce.tb.*)
 *(.rel.ctors)
 *(.rel.dtors)
 *(.rel.got)
 .rel.got       0x000087d0        0x8 /local/sdk_elec/arm-linux-gnueabi-4.5.1/bin/../arm-none-linux-gnueabi/libc/usr/lib/crti.o
 *(.rel.bss .rel.bss.* .rel.gnu.linkonce.b.*)
 .rel.bss       0x000087d8       0x10 /local/sdk_elec/arm-linux-gnueabi-4.5.1/bin/../arm-none-linux-gnueabi/libc/usr/lib/crti.o
                0x000087e8                PROVIDE (__rel_iplt_start, .)
 *(.rel.iplt)
                0x000087e8                PROVIDE (__rel_iplt_end, .)
                0x000087e8                PROVIDE (__rela_iplt_start, .)
                0x000087e8                PROVIDE (__rela_iplt_end, .)

.rela.dyn       0x000087e8        0x0
 *(.rela.init)
 *(.rela.text .rela.text.* .rela.gnu.linkonce.t.*)
 *(.rela.fini)
 *(.rela.rodata .rela.rodata.* .rela.gnu.linkonce.r.*)
 *(.rela.data .rela.data.* .rela.gnu.linkonce.d.*)
 *(.rela.tdata .rela.tdata.* .rela.gnu.linkonce.td.*)
 *(.rela.tbss .rela.tbss.* .rela.gnu.linkonce.tb.*)
 *(.rela.ctors)
 *(.rela.dtors)
 *(.rela.got)
 *(.rela.bss .rela.bss.* .rela.gnu.linkonce.b.*)
                0x000087e8                PROVIDE (__rel_iplt_start, .)
                0x000087e8                PROVIDE (__rel_iplt_end, .)
                0x000087e8                PROVIDE (__rela_iplt_start, .)
 *(.rela.iplt)
                0x000087e8                PROVIDE (__rela_iplt_end, .)

.rel.plt        0x000087e8      0x130
 *(.rel.plt)
 .rel.plt       0x000087e8      0x130 /local/sdk_elec/arm-linux-gnueabi-4.5.1/bin/../arm-none-linux-gnueabi/libc/usr/lib/crti.o

.rela.plt
 *(.rela.plt)

.init           0x00008918        0xc
 *(.init)
 .init          0x00008918        0x8 /local/sdk_elec/arm-linux-gnueabi-4.5.1/bin/../arm-none-linux-gnueabi/libc/usr/lib/crti.o
                0x00008918                _init
 .init          0x00008920        0x4 /local/sdk_elec/arm-linux-gnueabi-4.5.1/bin/../arm-none-linux-gnueabi/libc/usr/lib/crtn.o

.plt            0x00008924      0x1dc
 *(.plt)
 .plt           0x00008924      0x1dc /local/sdk_elec/arm-linux-gnueabi-4.5.1/bin/../arm-none-linux-gnueabi/libc/usr/lib/crti.o
                0x00008938                open@@GLIBC_2.4
                0x00008944                abort@@GLIBC_2.4
                0x00008950                getsockname@@GLIBC_2.4
                0x0000895c                __libc_start_main@@GLIBC_2.4
                0x00008968                inet_ntoa@@GLIBC_2.4
                0x00008980                pow@@GLIBC_2.4
                0x0000898c                system@@GLIBC_2.4
                0x00008998                putchar@@GLIBC_2.4
                0x000089a4                listen@@GLIBC_2.4
                0x000089b0                htons@@GLIBC_2.4
                0x000089bc                memset@@GLIBC_2.4
                0x000089c8                perror@@GLIBC_2.4
                0x000089d4                free@@GLIBC_2.4
                0x000089e0                read@@GLIBC_2.4
                0x000089ec                write@@GLIBC_2.4
                0x000089f8                accept@@GLIBC_2.4
                0x00008a04                tcgetattr@@GLIBC_2.4
                0x00008a10                tcflush@@GLIBC_2.4
                0x00008a1c                socket@@GLIBC_2.4
                0x00008a28                ntohs@@GLIBC_2.4
                0x00008a34                strlen@@GLIBC_2.4
                0x00008a40                memcpy@@GLIBC_2.4
                0x00008a4c                printf@@GLIBC_2.4
                0x00008a58                atoi@@GLIBC_2.4
                0x00008a64                bind@@GLIBC_2.4
                0x00008a70                close@@GLIBC_2.4
                0x00008a7c                fprintf@@GLIBC_2.4
                0x00008a88                malloc@@GLIBC_2.4
                0x00008a94                cfsetospeed@@GLIBC_2.4
                0x00008aa0                poll@@GLIBC_2.4
                0x00008aac                puts@@GLIBC_2.4
                0x00008ab8                tcsetattr@@GLIBC_2.4
                0x00008ac4                htonl@@GLIBC_2.4
                0x00008ad0                setsockopt@@GLIBC_2.4
                0x00008adc                exit@@GLIBC_2.4
                0x00008ae8                cfsetispeed@@GLIBC_2.4
                0x00008af4                sprintf@@GLIBC_2.4

.iplt
 *(.iplt)

.text           0x00008b00     0x2488
 *(.text.unlikely .text.*_unlikely)
 *(.text .stub .text.* .gnu.linkonce.t.*)
 .text          0x00008b00       0x3c /local/sdk_elec/arm-linux-gnueabi-4.5.1/bin/../arm-none-linux-gnueabi/libc/usr/lib/crt1.o
                0x00008b00                _start
 .text          0x00008b3c       0x24 /local/sdk_elec/arm-linux-gnueabi-4.5.1/bin/../arm-none-linux-gnueabi/libc/usr/lib/crti.o
 .text          0x00008b60       0x4c /local/sdk_elec/arm-linux-gnueabi-4.5.1/bin/../lib/gcc/arm-none-linux-gnueabi/4.5.1/crtbegin.o
 *fill*         0x00008bac        0x4 00000000
 .text          0x00008bb0      0xf28 src/driver.o
                0x00008bb0                serial_init
                0x00008d44                checksum
                0x00008dfc                writeZ
                0x00008fb8                readZ
                0x00009120                refreshState
                0x000092e8                toXML
                0x00009798                get_lux
                0x00009860                get_can
                0x00009928                get_acc
                0x00009a20                get_temp
 .text          0x00009ad8      0x35c src/socket.o
                0x00009ad8                socket_info
                0x00009b78                tcp_server_socket
                0x00009ccc                get_data
 .text          0x00009e34      0x808 main.o
                0x00009e34                main
 .text          0x0000a63c      0x3b8 /local/sdk_elec/arm-linux-gnueabi-4.5.1/bin/../lib/gcc/arm-none-linux-gnueabi/4.5.1/libgcc.a(_arm_addsubdf3.o)
                0x0000a63c                __aeabi_drsub
                0x0000a644                __subdf3
                0x0000a644                __aeabi_dsub
                0x0000a648                __adddf3
                0x0000a648                __aeabi_dadd
                0x0000a8f4                __aeabi_ui2d
                0x0000a8f4                __floatunsidf
                0x0000a918                __floatsidf
                0x0000a918                __aeabi_i2d
                0x0000a940                __aeabi_f2d
                0x0000a940                __extendsfdf2
                0x0000a980                __floatundidf
                0x0000a980                __aeabi_ul2d
                0x0000a994                __floatdidf
                0x0000a994                __aeabi_l2d
 .text          0x0000a9f4      0x470 /local/sdk_elec/arm-linux-gnueabi-4.5.1/bin/../lib/gcc/arm-none-linux-gnueabi/4.5.1/libgcc.a(_arm_muldivdf3.o)
                0x0000a9f4                __muldf3
                0x0000a9f4                __aeabi_dmul
                0x0000ac60                __divdf3
                0x0000ac60                __aeabi_ddiv
 .text          0x0000ae64       0x5c /local/sdk_elec/arm-linux-gnueabi-4.5.1/bin/../lib/gcc/arm-none-linux-gnueabi/4.5.1/libgcc.a(_arm_fixdfsi.o)
                0x0000ae64                __fixdfsi
                0x0000ae64                __aeabi_d2iz
 .text          0x0000aec0       0xc8 /local/sdk_elec/arm-linux-gnueabi-4.5.1/bin/../arm-none-linux-gnueabi/libc/usr/lib/libc_nonshared.a(elf-init.oS)
                0x0000aec0                __libc_csu_init
                0x0000af84                __libc_csu_fini
 *(.gnu.warning)
 *(.glue_7t)
 .glue_7t       0x00000000        0x0 linker stubs
 *(.glue_7)
 .glue_7        0x00000000        0x0 linker stubs
 *(.vfp11_veneer)
 .vfp11_veneer  0x00000000        0x0 linker stubs
 *(.v4_bx)
 .v4_bx         0x00000000        0x0 linker stubs

.fini           0x0000af88        0x8
 *(.fini)
 .fini          0x0000af88        0x4 /local/sdk_elec/arm-linux-gnueabi-4.5.1/bin/../arm-none-linux-gnueabi/libc/usr/lib/crti.o
                0x0000af88                _fini
 .fini          0x0000af8c        0x4 /local/sdk_elec/arm-linux-gnueabi-4.5.1/bin/../arm-none-linux-gnueabi/libc/usr/lib/crtn.o
                0x0000af90                PROVIDE (__etext, .)
                0x0000af90                PROVIDE (_etext, .)
                0x0000af90                PROVIDE (etext, .)

.rodata         0x0000af90      0x424
 *(.rodata .rodata.* .gnu.linkonce.r.*)
 .rodata        0x0000af90      0x198 src/driver.o
 .rodata        0x0000b128       0x88 src/socket.o
 .rodata        0x0000b1b0      0x204 main.o

.rodata1
 *(.rodata1)

.ARM.extab      0x0000b3b4       0x18
 *(.ARM.extab* .gnu.linkonce.armextab.*)
 .ARM.extab     0x0000b3b4        0xc /local/sdk_elec/arm-linux-gnueabi-4.5.1/bin/../lib/gcc/arm-none-linux-gnueabi/4.5.1/crtbegin.o
 .ARM.extab     0x0000b3c0        0xc src/driver.o
                0x0000b3cc                PROVIDE (__exidx_start, .)

.ARM.exidx      0x0000b3cc       0x90
 *(.ARM.exidx* .gnu.linkonce.armexidx.*)
 .ARM.exidx     0x0000b3cc        0x8 /local/sdk_elec/arm-linux-gnueabi-4.5.1/bin/../arm-none-linux-gnueabi/libc/usr/lib/crt1.o
 .ARM.exidx     0x0000b3d4       0x10 /local/sdk_elec/arm-linux-gnueabi-4.5.1/bin/../lib/gcc/arm-none-linux-gnueabi/4.5.1/crtbegin.o
 .ARM.exidx     0x0000b3e4       0x38 src/driver.o
                                 0x50 (size before relaxing)
 .ARM.exidx     0x0000b41c       0x18 src/socket.o
 .ARM.exidx     0x0000b434       0x10 main.o
                                  0x8 (size before relaxing)
 .ARM.exidx     0x0000b444       0x18 /local/sdk_elec/arm-linux-gnueabi-4.5.1/bin/../arm-none-linux-gnueabi/libc/usr/lib/libc_nonshared.a(elf-init.oS)
                                 0x10 (size before relaxing)
                0x0000b45c                PROVIDE (__exidx_end, .)

.eh_frame_hdr
 *(.eh_frame_hdr)

.eh_frame
 *(.eh_frame)

.gcc_except_table
 *(.gcc_except_table .gcc_except_table.*)
                0x0000b45c                . = (ALIGN (0x8000) - ((0x8000 - .) & 0x7fff))
                0x0001345c                . = DATA_SEGMENT_ALIGN (0x8000, 0x1000)

.eh_frame
 *(.eh_frame)

.gcc_except_table
 *(.gcc_except_table .gcc_except_table.*)

.tdata
 *(.tdata .tdata.* .gnu.linkonce.td.*)

.tbss
 *(.tbss .tbss.* .gnu.linkonce.tb.*)
 *(.tcommon)

.preinit_array  0x0001345c        0x0
                0x0001345c                PROVIDE (__preinit_array_start, .)
 *(.preinit_array)
                0x0001345c                PROVIDE (__preinit_array_end, .)

.init_array     0x0001345c        0x4
                0x0001345c                PROVIDE (__init_array_start, .)
 *(SORT(.init_array.*))
 *(.init_array)
 .init_array    0x0001345c        0x4 /local/sdk_elec/arm-linux-gnueabi-4.5.1/bin/../lib/gcc/arm-none-linux-gnueabi/4.5.1/crtbegin.o
                0x00013460                PROVIDE (__init_array_end, .)

.fini_array     0x00013460        0x4
                0x00013460                PROVIDE (__fini_array_start, .)
 *(SORT(.fini_array.*))
 *(.fini_array)
 .fini_array    0x00013460        0x4 /local/sdk_elec/arm-linux-gnueabi-4.5.1/bin/../lib/gcc/arm-none-linux-gnueabi/4.5.1/crtbegin.o
                0x00013464                PROVIDE (__fini_array_end, .)

.ctors
 *crtbegin.o(.ctors)
 *crtbegin?.o(.ctors)
 *(EXCLUDE_FILE(*crtend?.o *crtend.o) .ctors)
 *(SORT(.ctors.*))
 *(.ctors)

.dtors
 *crtbegin.o(.dtors)
 *crtbegin?.o(.dtors)
 *(EXCLUDE_FILE(*crtend?.o *crtend.o) .dtors)
 *(SORT(.dtors.*))
 *(.dtors)

.jcr            0x00013464        0x4
 *(.jcr)
 .jcr           0x00013464        0x0 /local/sdk_elec/arm-linux-gnueabi-4.5.1/bin/../lib/gcc/arm-none-linux-gnueabi/4.5.1/crtbegin.o
 .jcr           0x00013464        0x4 /local/sdk_elec/arm-linux-gnueabi-4.5.1/bin/../lib/gcc/arm-none-linux-gnueabi/4.5.1/crtend.o

.data.rel.ro
 *(.data.rel.ro.local* .gnu.linkonce.d.rel.ro.local.*)
 *(.data.rel.ro* .gnu.linkonce.d.rel.ro.*)

.dynamic        0x00013468       0xf8
 *(.dynamic)
 .dynamic       0x00013468       0xf8 /local/sdk_elec/arm-linux-gnueabi-4.5.1/bin/../arm-none-linux-gnueabi/libc/usr/lib/crti.o
                0x00013468                _DYNAMIC
                0x00013560                . = DATA_SEGMENT_RELRO_END (., 0x0)

.got            0x00013560       0xa8
 *(.got.plt)
 .got.plt       0x00013560       0xa4 /local/sdk_elec/arm-linux-gnueabi-4.5.1/bin/../arm-none-linux-gnueabi/libc/usr/lib/crti.o
                0x00013560                _GLOBAL_OFFSET_TABLE_
 *(.igot.plt)
 *(.got)
 .got           0x00013604        0x4 /local/sdk_elec/arm-linux-gnueabi-4.5.1/bin/../arm-none-linux-gnueabi/libc/usr/lib/crti.o
 *(.igot)

.data           0x00013608        0x0
                0x00013608                PROVIDE (__data_start, .)
 *(.data .data.* .gnu.linkonce.d.*)

.data1
 *(.data1)
                0x00013608                _edata = .
                0x00013608                PROVIDE (edata, .)
                0x00013608                __bss_start = .
                0x00013608                __bss_start__ = .

.bss            0x00013608     0x104c
 *(.dynbss)
 .dynbss        0x00013608        0xc /local/sdk_elec/arm-linux-gnueabi-4.5.1/bin/../arm-none-linux-gnueabi/libc/usr/lib/crti.o
                0x00013608                stdout@@GLIBC_2.4
                0x00013610                stderr@@GLIBC_2.4
 *(.bss .bss.* .gnu.linkonce.b.*)
 .bss           0x00013614        0x1 /local/sdk_elec/arm-linux-gnueabi-4.5.1/bin/../lib/gcc/arm-none-linux-gnueabi/4.5.1/crtbegin.o
 *fill*         0x00013615        0x3 00
 .bss           0x00013618     0x1000 src/driver.o
 *(COMMON)
 COMMON         0x00014618       0x3c src/driver.o
                0x00014618                oldattr
                0x00014654                . = ALIGN ((. != 0x0)?0x4:0x1)
                0x00014654                _bss_end__ = .
                0x00014654                __bss_end__ = .
                0x00014654                . = ALIGN (0x4)
                0x00014654                . = ALIGN (0x4)
                0x00014654                __end__ = .
                0x00014654                _end = .
                0x00014654                PROVIDE (end, .)
                0x00014654                . = DATA_SEGMENT_END (.)

.stab
 *(.stab)

.stabstr
 *(.stabstr)

.stab.excl
 *(.stab.excl)

.stab.exclstr
 *(.stab.exclstr)

.stab.index
 *(.stab.index)

.stab.indexstr
 *(.stab.indexstr)

.ARM.attributes
                0x00000000       0x2b
 .ARM.attributes
                0x00000000       0x2b /local/sdk_elec/arm-linux-gnueabi-4.5.1/bin/../arm-none-linux-gnueabi/libc/usr/lib/crt1.o
 .ARM.attributes
                0x0000002b       0x2d /local/sdk_elec/arm-linux-gnueabi-4.5.1/bin/../arm-none-linux-gnueabi/libc/usr/lib/crti.o
 .ARM.attributes
                0x00000058       0x2d /local/sdk_elec/arm-linux-gnueabi-4.5.1/bin/../lib/gcc/arm-none-linux-gnueabi/4.5.1/crtbegin.o
 .ARM.attributes
                0x00000085       0x2d src/driver.o
 .ARM.attributes
                0x000000b2       0x2d src/socket.o
 .ARM.attributes
                0x000000df       0x2d main.o
 .ARM.attributes
                0x0000010c       0x1f /local/sdk_elec/arm-linux-gnueabi-4.5.1/bin/../lib/gcc/arm-none-linux-gnueabi/4.5.1/libgcc.a(_arm_addsubdf3.o)
 .ARM.attributes
                0x0000012b       0x1f /local/sdk_elec/arm-linux-gnueabi-4.5.1/bin/../lib/gcc/arm-none-linux-gnueabi/4.5.1/libgcc.a(_arm_muldivdf3.o)
 .ARM.attributes
                0x0000014a       0x1f /local/sdk_elec/arm-linux-gnueabi-4.5.1/bin/../lib/gcc/arm-none-linux-gnueabi/4.5.1/libgcc.a(_arm_fixdfsi.o)
 .ARM.attributes
                0x00000169       0x2d /local/sdk_elec/arm-linux-gnueabi-4.5.1/bin/../arm-none-linux-gnueabi/libc/usr/lib/libc_nonshared.a(elf-init.oS)
 .ARM.attributes
                0x00000196       0x2d /local/sdk_elec/arm-linux-gnueabi-4.5.1/bin/../lib/gcc/arm-none-linux-gnueabi/4.5.1/crtend.o
 .ARM.attributes
                0x000001c3       0x2d /local/sdk_elec/arm-linux-gnueabi-4.5.1/bin/../arm-none-linux-gnueabi/libc/usr/lib/crtn.o

.comment        0x00000000       0x2a
 *(.comment)
 .comment       0x00000000       0x2a src/driver.o
                                 0x2b (size before relaxing)
 .comment       0x00000000       0x2b src/socket.o
 .comment       0x00000000       0x2b main.o

.debug
 *(.debug)

.line
 *(.line)

.debug_srcinfo
 *(.debug_srcinfo)

.debug_sfnames
 *(.debug_sfnames)

.debug_aranges  0x00000000       0x60
 *(.debug_aranges)
 .debug_aranges
                0x00000000       0x20 src/driver.o
 .debug_aranges
                0x00000020       0x20 src/socket.o
 .debug_aranges
                0x00000040       0x20 main.o

.debug_pubnames
                0x00000000       0xfc
 *(.debug_pubnames)
 .debug_pubnames
                0x00000000       0x9c src/driver.o
 .debug_pubnames
                0x0000009c       0x45 src/socket.o
 .debug_pubnames
                0x000000e1       0x1b main.o

.debug_info     0x00000000     0x1454
 *(.debug_info .gnu.linkonce.wi.*)
 .debug_info    0x00000000      0x842 src/driver.o
 .debug_info    0x00000842      0x57c src/socket.o
 .debug_info    0x00000dbe      0x696 main.o

.debug_abbrev   0x00000000      0x3c0
 *(.debug_abbrev)
 .debug_abbrev  0x00000000      0x161 src/driver.o
 .debug_abbrev  0x00000161      0x13e src/socket.o
 .debug_abbrev  0x0000029f      0x121 main.o

.debug_line     0x00000000      0x829
 *(.debug_line)
 .debug_line    0x00000000      0x2a2 src/driver.o
 .debug_line    0x000002a2      0x266 src/socket.o
 .debug_line    0x00000508      0x321 main.o

.debug_frame    0x00000000      0x1dc
 *(.debug_frame)
 .debug_frame   0x00000000       0xfc src/driver.o
 .debug_frame   0x000000fc       0x68 src/socket.o
 .debug_frame   0x00000164       0x34 main.o
 .debug_frame   0x00000198       0x44 /local/sdk_elec/arm-linux-gnueabi-4.5.1/bin/../arm-none-linux-gnueabi/libc/usr/lib/libc_nonshared.a(elf-init.oS)

.debug_str      0x00000000      0x523
 *(.debug_str)
 .debug_str     0x00000000      0x368 src/driver.o
                                0x3b3 (size before relaxing)
 .debug_str     0x00000368      0x153 src/socket.o
                                0x3bb (size before relaxing)
 .debug_str     0x000004bb       0x68 main.o
                                0x3b7 (size before relaxing)

.debug_loc      0x00000000      0x225
 *(.debug_loc)
 .debug_loc     0x00000000      0x173 src/driver.o
 .debug_loc     0x00000173       0x85 src/socket.o
 .debug_loc     0x000001f8       0x2d main.o

.debug_macinfo
 *(.debug_macinfo)

.debug_weaknames
 *(.debug_weaknames)

.debug_funcnames
 *(.debug_funcnames)

.debug_typenames
 *(.debug_typenames)

.debug_varnames
 *(.debug_varnames)

.debug_pubtypes
                0x00000000      0x30e
 *(.debug_pubtypes)
 .debug_pubtypes
                0x00000000       0xcb src/driver.o
 .debug_pubtypes
                0x000000cb      0x10e src/socket.o
 .debug_pubtypes
                0x000001d9      0x135 main.o

.debug_ranges
 *(.debug_ranges)

.gnu.attributes
 *(.gnu.attributes)

.note.gnu.arm.ident
 *(.note.gnu.arm.ident)

/DISCARD/
 *(.note.GNU-stack)
 *(.gnu_debuglink)
 *(.gnu.lto_*)
OUTPUT(serverZb elf32-littlearm)
